  DX12BufferResource.cpp
C:\Program Files\Microsoft Visual Studio\2022\Community\VC\Tools\MSVC\14.38.33130\include\optional(11): warning STL4038: The contents of <optional> are available only with C++17 or later.
D:\DX12\ElysiaRenderer\ElysiaRenderer\stdafx.h(20,10): error C1083: Cannot open include file: 'pix3.h': No such file or directory
  (compiling source file 'DX12BufferResource.cpp')
  
  DX12ConstantBuffer.cpp
C:\Program Files\Microsoft Visual Studio\2022\Community\VC\Tools\MSVC\14.38.33130\include\optional(11): warning STL4038: The contents of <optional> are available only with C++17 or later.
D:\DX12\ElysiaRenderer\ElysiaRenderer\stdafx.h(20,10): error C1083: Cannot open include file: 'pix3.h': No such file or directory
  (compiling source file 'DX12ConstantBuffer.cpp')
  
  DX12Context.cpp
C:\Program Files\Microsoft Visual Studio\2022\Community\VC\Tools\MSVC\14.38.33130\include\optional(11): warning STL4038: The contents of <optional> are available only with C++17 or later.
D:\DX12\ElysiaRenderer\ElysiaRenderer\stdafx.h(20,10): error C1083: Cannot open include file: 'pix3.h': No such file or directory
  (compiling source file 'DX12Context.cpp')
  
  DX12DescriptorHeap.cpp
C:\Program Files\Microsoft Visual Studio\2022\Community\VC\Tools\MSVC\14.38.33130\include\optional(11): warning STL4038: The contents of <optional> are available only with C++17 or later.
D:\DX12\ElysiaRenderer\ElysiaRenderer\stdafx.h(20,10): error C1083: Cannot open include file: 'pix3.h': No such file or directory
  (compiling source file 'DX12DescriptorHeap.cpp')
  
  DX12Device.cpp
C:\Program Files\Microsoft Visual Studio\2022\Community\VC\Tools\MSVC\14.38.33130\include\optional(11): warning STL4038: The contents of <optional> are available only with C++17 or later.
D:\DX12\ElysiaRenderer\ElysiaRenderer\stdafx.h(20,10): error C1083: Cannot open include file: 'pix3.h': No such file or directory
  (compiling source file 'DX12Device.cpp')
  
  DX12GraphicsContext.cpp
