  Skipping vcpkg. (no packages)
  ColorConversion.cpp
  UploadRingBuffer.cpp
C:\Work\ElysiaRenderer\ElysiaRenderer\lib\Utility\Helper.h(1,1): warning C4819: The file contains a character that cannot be represented in the current code page (936). Save the file in Unicode format to prevent data loss
  (compiling source file 'lib/DX12/UploadRingBuffer.cpp')
  
C:\Work\ElysiaRenderer\ElysiaRenderer\lib\DX12\DX12DescriptorHeapHandle.h(54,20): warning C4552: '!=': result of expression not used
  (compiling source file 'lib/DX12/UploadRingBuffer.cpp')
  
C:\Work\ElysiaRenderer\ElysiaRenderer\lib\DX12\UploadRingBuffer.cpp(36,39): warning C4267: 'argument': conversion from 'size_t' to 'uint32_t', possible loss of data
  MessageID.cpp
  Messager.cpp
C:\Work\ElysiaRenderer\ElysiaRenderer\lib\Utility\Helper.h(1,1): warning C4819: The file contains a character that cannot be represented in the current code page (936). Save the file in Unicode format to prevent data loss
  (compiling source file 'lib/Event/Messager.cpp')
  
  ShaderCompileOptions.cpp
C:\Work\ElysiaRenderer\ElysiaRenderer\lib\Utility\Helper.h(1,1): warning C4819: The file contains a character that cannot be represented in the current code page (936). Save the file in Unicode format to prevent data loss
  (compiling source file 'lib/Utility/ShaderCompileOptions.cpp')
  
  ShaderKeywordSet.cpp
C:\Work\ElysiaRenderer\ElysiaRenderer\lib\Utility\Helper.h(1,1): warning C4819: The file contains a character that cannot be represented in the current code page (936). Save the file in Unicode format to prevent data loss
  (compiling source file 'lib/Utility/ShaderKeywordSet.cpp')
  
  ShaderKeywordSpace.cpp
C:\Work\ElysiaRenderer\ElysiaRenderer\lib\Utility\Helper.h(1,1): warning C4819: The file contains a character that cannot be represented in the current code page (936). Save the file in Unicode format to prevent data loss
  (compiling source file 'lib/Utility/ShaderKeywordSpace.cpp')
  
  stb_image.cpp
  RenderTargetManager.cpp
C:\Work\ElysiaRenderer\ElysiaRenderer\lib\Utility\Helper.h(1,1): warning C4819: The file contains a character that cannot be represented in the current code page (936). Save the file in Unicode format to prevent data loss
  (compiling source file 'src/Manager/RenderTargetManager.cpp')
  
C:\Work\ElysiaRenderer\ElysiaRenderer\lib\DX12\DX12DescriptorHeapHandle.h(54,20): warning C4552: '!=': result of expression not used
  (compiling source file 'src/Manager/RenderTargetManager.cpp')
  
  ShaderVariantManager.cpp
C:\Work\ElysiaRenderer\ElysiaRenderer\lib\Utility\Helper.h(1,1): warning C4819: The file contains a character that cannot be represented in the current code page (936). Save the file in Unicode format to prevent data loss
  (compiling source file 'src/Manager/ShaderVariantManager.cpp')
  
C:\Work\ElysiaRenderer\ElysiaRenderer\src\Manager\ShaderVariantManager.h(8,11): warning C4099: 'ElysiaRenderer::ShaderVariantData': type name first seen using 'struct' now seen using 'class'
  (compiling source file 'src/Manager/ShaderVariantManager.cpp')
      C:\Work\ElysiaRenderer\ElysiaRenderer\lib\Utility\ShaderUtility.h(116,9):
      see declaration of 'ElysiaRenderer::ShaderVariantData'
  
  MaterialParams.cpp
C:\Work\ElysiaRenderer\ElysiaRenderer\lib\Utility\Helper.h(1,1): warning C4819: The file contains a character that cannot be represented in the current code page (936). Save the file in Unicode format to prevent data loss
  (compiling source file 'src/MaterialParams.cpp')
  
C:\Work\ElysiaRenderer\ElysiaRenderer\src\MaterialParams.cpp(357,33): warning C4267: '=': conversion from 'size_t' to 'uint32_t', possible loss of data
C:\Work\ElysiaRenderer\ElysiaRenderer\src\MaterialParams.cpp(367,31): warning C4267: '=': conversion from 'size_t' to 'uint32_t', possible loss of data
C:\Work\ElysiaRenderer\ElysiaRenderer\src\MaterialParams.cpp(377,32): warning C4267: '=': conversion from 'size_t' to 'uint32_t', possible loss of data
C:\Work\ElysiaRenderer\ElysiaRenderer\src\MaterialParams.cpp(388,36): warning C4267: '=': conversion from 'size_t' to 'uint32_t', possible loss of data
C:\Work\ElysiaRenderer\ElysiaRenderer\src\MaterialParams.cpp(400,36): warning C4267: '=': conversion from 'size_t' to 'uint32_t', possible loss of data
C:\Work\ElysiaRenderer\ElysiaRenderer\src\MaterialParams.cpp(413,36): warning C4267: '=': conversion from 'size_t' to 'uint32_t', possible loss of data
C:\Work\ElysiaRenderer\ElysiaRenderer\src\MaterialParams.cpp(432,37): warning C4267: '=': conversion from 'size_t' to 'uint32_t', possible loss of data
  stdafx.cpp
  Generating Code...
C:\Work\ElysiaRenderer\ElysiaRenderer\src\MaterialParams.cpp(27): warning C4715: '`ElysiaRenderer::MaterialParameterBlock::ParamValue::Equals'::`2'::<lambda_1>::operator()': not all control paths return a value
cl : command line  warning D9014: invalid value '18' for '/wd'; assuming '5999'
  RendererSystem.cpp
C:\Work\ElysiaRenderer\ElysiaRenderer\lib\DX12\DX12DescriptorHeapHandle.h(54,20): warning C4552: '!=': result of expression not used
  (compiling source file '/src/System/RendererSystem.cpp')
  
C:\Work\ElysiaRenderer\ElysiaRenderer\src\Manager\ShaderVariantManager.h(8,11): warning C4099: 'ElysiaRenderer::ShaderVariantData': type name first seen using 'struct' now seen using 'class'
  (compiling source file '/src/System/RendererSystem.cpp')
      C:\Work\ElysiaRenderer\ElysiaRenderer\lib\Utility\ShaderUtility.h(116,9):
      see declaration of 'ElysiaRenderer::ShaderVariantData'
  
C:\Work\ElysiaRenderer\ElysiaRenderer\src\System\RendererSystem.cpp(200,108): warning C4244: 'argument': conversion from 'const float' to 'uint32_t', possible loss of data
  (compiling source file '/src/System/RendererSystem.cpp')
  
C:\Work\ElysiaRenderer\ElysiaRenderer\src\System\RendererSystem.cpp(200,78): warning C4244: 'argument': conversion from 'const float' to 'uint32_t', possible loss of data
  (compiling source file '/src/System/RendererSystem.cpp')
  
DX12BufferResource.obj : error LNK2038: mismatch detected for '_ITERATOR_DEBUG_LEVEL': value '2' doesn't match value '0' in ColorConversion.obj
DX12BufferResource.obj : error LNK2038: mismatch detected for 'RuntimeLibrary': value 'MDd_DynamicDebug' doesn't match value 'MD_DynamicRelease' in ColorConversion.obj
DX12BufferResource.obj : warning LNK4075: ignoring '/EDITANDCONTINUE' due to '/OPT:ICF' specification
DX12Camera.obj : error LNK2038: mismatch detected for '_ITERATOR_DEBUG_LEVEL': value '2' doesn't match value '0' in ColorConversion.obj
DX12Camera.obj : error LNK2038: mismatch detected for 'RuntimeLibrary': value 'MDd_DynamicDebug' doesn't match value 'MD_DynamicRelease' in ColorConversion.obj
DX12ComputeContext.obj : error LNK2038: mismatch detected for '_ITERATOR_DEBUG_LEVEL': value '2' doesn't match value '0' in ColorConversion.obj
DX12ComputeContext.obj : error LNK2038: mismatch detected for 'RuntimeLibrary': value 'MDd_DynamicDebug' doesn't match value 'MD_DynamicRelease' in ColorConversion.obj
DX12Context.obj : error LNK2038: mismatch detected for '_ITERATOR_DEBUG_LEVEL': value '2' doesn't match value '0' in ColorConversion.obj
DX12Context.obj : error LNK2038: mismatch detected for 'RuntimeLibrary': value 'MDd_DynamicDebug' doesn't match value 'MD_DynamicRelease' in ColorConversion.obj
DX12DescriptorHeap.obj : error LNK2038: mismatch detected for '_ITERATOR_DEBUG_LEVEL': value '2' doesn't match value '0' in ColorConversion.obj
DX12DescriptorHeap.obj : error LNK2038: mismatch detected for 'RuntimeLibrary': value 'MDd_DynamicDebug' doesn't match value 'MD_DynamicRelease' in ColorConversion.obj
DX12Device.obj : error LNK2038: mismatch detected for '_ITERATOR_DEBUG_LEVEL': value '2' doesn't match value '0' in ColorConversion.obj
DX12Device.obj : error LNK2038: mismatch detected for 'RuntimeLibrary': value 'MDd_DynamicDebug' doesn't match value 'MD_DynamicRelease' in ColorConversion.obj
DX12GPUResource.obj : error LNK2038: mismatch detected for '_ITERATOR_DEBUG_LEVEL': value '2' doesn't match value '0' in ColorConversion.obj
DX12GPUResource.obj : error LNK2038: mismatch detected for 'RuntimeLibrary': value 'MDd_DynamicDebug' doesn't match value 'MD_DynamicRelease' in ColorConversion.obj
DX12GraphicsContext.obj : error LNK2038: mismatch detected for '_ITERATOR_DEBUG_LEVEL': value '2' doesn't match value '0' in ColorConversion.obj
DX12GraphicsContext.obj : error LNK2038: mismatch detected for 'RuntimeLibrary': value 'MDd_DynamicDebug' doesn't match value 'MD_DynamicRelease' in ColorConversion.obj
DX12Light.obj : error LNK2038: mismatch detected for '_ITERATOR_DEBUG_LEVEL': value '2' doesn't match value '0' in ColorConversion.obj
DX12Light.obj : error LNK2038: mismatch detected for 'RuntimeLibrary': value 'MDd_DynamicDebug' doesn't match value 'MD_DynamicRelease' in ColorConversion.obj
DX12Material.obj : error LNK2038: mismatch detected for '_ITERATOR_DEBUG_LEVEL': value '2' doesn't match value '0' in ColorConversion.obj
DX12Material.obj : error LNK2038: mismatch detected for 'RuntimeLibrary': value 'MDd_DynamicDebug' doesn't match value 'MD_DynamicRelease' in ColorConversion.obj
DX12PipelineState.obj : error LNK2038: mismatch detected for '_ITERATOR_DEBUG_LEVEL': value '2' doesn't match value '0' in ColorConversion.obj
DX12PipelineState.obj : error LNK2038: mismatch detected for 'RuntimeLibrary': value 'MDd_DynamicDebug' doesn't match value 'MD_DynamicRelease' in ColorConversion.obj
DX12Queue.obj : error LNK2038: mismatch detected for '_ITERATOR_DEBUG_LEVEL': value '2' doesn't match value '0' in ColorConversion.obj
DX12Queue.obj : error LNK2038: mismatch detected for 'RuntimeLibrary': value 'MDd_DynamicDebug' doesn't match value 'MD_DynamicRelease' in ColorConversion.obj
DX12QueueManager.obj : error LNK2038: mismatch detected for '_ITERATOR_DEBUG_LEVEL': value '2' doesn't match value '0' in ColorConversion.obj
DX12QueueManager.obj : error LNK2038: mismatch detected for 'RuntimeLibrary': value 'MDd_DynamicDebug' doesn't match value 'MD_DynamicRelease' in ColorConversion.obj
DX12RenderPassDescriptorHeap.obj : error LNK2038: mismatch detected for '_ITERATOR_DEBUG_LEVEL': value '2' doesn't match value '0' in ColorConversion.obj
DX12RenderPassDescriptorHeap.obj : error LNK2038: mismatch detected for 'RuntimeLibrary': value 'MDd_DynamicDebug' doesn't match value 'MD_DynamicRelease' in ColorConversion.obj
DX12RootSignature.obj : error LNK2038: mismatch detected for '_ITERATOR_DEBUG_LEVEL': value '2' doesn't match value '0' in ColorConversion.obj
DX12RootSignature.obj : error LNK2038: mismatch detected for 'RuntimeLibrary': value 'MDd_DynamicDebug' doesn't match value 'MD_DynamicRelease' in ColorConversion.obj
DX12Shader.obj : error LNK2038: mismatch detected for '_ITERATOR_DEBUG_LEVEL': value '2' doesn't match value '0' in ColorConversion.obj
DX12Shader.obj : error LNK2038: mismatch detected for 'RuntimeLibrary': value 'MDd_DynamicDebug' doesn't match value 'MD_DynamicRelease' in ColorConversion.obj
DX12Shadow.obj : error LNK2038: mismatch detected for '_ITERATOR_DEBUG_LEVEL': value '2' doesn't match value '0' in ColorConversion.obj
DX12Shadow.obj : error LNK2038: mismatch detected for 'RuntimeLibrary': value 'MDd_DynamicDebug' doesn't match value 'MD_DynamicRelease' in ColorConversion.obj
DX12StagingDescriptorHeap.obj : error LNK2038: mismatch detected for '_ITERATOR_DEBUG_LEVEL': value '2' doesn't match value '0' in ColorConversion.obj
DX12StagingDescriptorHeap.obj : error LNK2038: mismatch detected for 'RuntimeLibrary': value 'MDd_DynamicDebug' doesn't match value 'MD_DynamicRelease' in ColorConversion.obj
DX12TextureBuffer.obj : error LNK2038: mismatch detected for '_ITERATOR_DEBUG_LEVEL': value '2' doesn't match value '0' in ColorConversion.obj
DX12TextureBuffer.obj : error LNK2038: mismatch detected for 'RuntimeLibrary': value 'MDd_DynamicDebug' doesn't match value 'MD_DynamicRelease' in ColorConversion.obj
DX12UI.obj : error LNK2038: mismatch detected for '_ITERATOR_DEBUG_LEVEL': value '2' doesn't match value '0' in ColorConversion.obj
DX12UI.obj : error LNK2038: mismatch detected for 'RuntimeLibrary': value 'MDd_DynamicDebug' doesn't match value 'MD_DynamicRelease' in ColorConversion.obj
DX12UploadContext.obj : error LNK2038: mismatch detected for '_ITERATOR_DEBUG_LEVEL': value '2' doesn't match value '0' in ColorConversion.obj
DX12UploadContext.obj : error LNK2038: mismatch detected for 'RuntimeLibrary': value 'MDd_DynamicDebug' doesn't match value 'MD_DynamicRelease' in ColorConversion.obj
File.obj : error LNK2038: mismatch detected for '_ITERATOR_DEBUG_LEVEL': value '2' doesn't match value '0' in ColorConversion.obj
File.obj : error LNK2038: mismatch detected for 'RuntimeLibrary': value 'MDd_DynamicDebug' doesn't match value 'MD_DynamicRelease' in ColorConversion.obj
ModelImporter.obj : error LNK2038: mismatch detected for '_ITERATOR_DEBUG_LEVEL': value '2' doesn't match value '0' in ColorConversion.obj
ModelImporter.obj : error LNK2038: mismatch detected for 'RuntimeLibrary': value 'MDd_DynamicDebug' doesn't match value 'MD_DynamicRelease' in ColorConversion.obj
PipelineResourceSpace.obj : error LNK2038: mismatch detected for '_ITERATOR_DEBUG_LEVEL': value '2' doesn't match value '0' in ColorConversion.obj
PipelineResourceSpace.obj : error LNK2038: mismatch detected for 'RuntimeLibrary': value 'MDd_DynamicDebug' doesn't match value 'MD_DynamicRelease' in ColorConversion.obj
PipelineStateUtility.obj : error LNK2038: mismatch detected for '_ITERATOR_DEBUG_LEVEL': value '2' doesn't match value '0' in ColorConversion.obj
PipelineStateUtility.obj : error LNK2038: mismatch detected for 'RuntimeLibrary': value 'MDd_DynamicDebug' doesn't match value 'MD_DynamicRelease' in ColorConversion.obj
PIXHelper.obj : error LNK2038: mismatch detected for '_ITERATOR_DEBUG_LEVEL': value '2' doesn't match value '0' in ColorConversion.obj
PIXHelper.obj : error LNK2038: mismatch detected for 'RuntimeLibrary': value 'MDd_DynamicDebug' doesn't match value 'MD_DynamicRelease' in ColorConversion.obj
PSOHelper.obj : error LNK2038: mismatch detected for '_ITERATOR_DEBUG_LEVEL': value '2' doesn't match value '0' in ColorConversion.obj
PSOHelper.obj : error LNK2038: mismatch detected for 'RuntimeLibrary': value 'MDd_DynamicDebug' doesn't match value 'MD_DynamicRelease' in ColorConversion.obj
RenderTexture.obj : error LNK2038: mismatch detected for '_ITERATOR_DEBUG_LEVEL': value '2' doesn't match value '0' in ColorConversion.obj
RenderTexture.obj : error LNK2038: mismatch detected for 'RuntimeLibrary': value 'MDd_DynamicDebug' doesn't match value 'MD_DynamicRelease' in ColorConversion.obj
ShaderUtility.obj : error LNK2038: mismatch detected for '_ITERATOR_DEBUG_LEVEL': value '2' doesn't match value '0' in ColorConversion.obj
ShaderUtility.obj : error LNK2038: mismatch detected for 'RuntimeLibrary': value 'MDd_DynamicDebug' doesn't match value 'MD_DynamicRelease' in ColorConversion.obj
SobolSequenceGenerator.obj : error LNK2038: mismatch detected for '_ITERATOR_DEBUG_LEVEL': value '2' doesn't match value '0' in ColorConversion.obj
SobolSequenceGenerator.obj : error LNK2038: mismatch detected for 'RuntimeLibrary': value 'MDd_DynamicDebug' doesn't match value 'MD_DynamicRelease' in ColorConversion.obj
xxhash.obj : error LNK2038: mismatch detected for '_ITERATOR_DEBUG_LEVEL': value '2' doesn't match value '0' in ColorConversion.obj
xxhash.obj : error LNK2038: mismatch detected for 'RuntimeLibrary': value 'MDd_DynamicDebug' doesn't match value 'MD_DynamicRelease' in ColorConversion.obj
BufferManager.obj : error LNK2038: mismatch detected for '_ITERATOR_DEBUG_LEVEL': value '2' doesn't match value '0' in ColorConversion.obj
BufferManager.obj : error LNK2038: mismatch detected for 'RuntimeLibrary': value 'MDd_DynamicDebug' doesn't match value 'MD_DynamicRelease' in ColorConversion.obj
CameraManager.obj : error LNK2038: mismatch detected for '_ITERATOR_DEBUG_LEVEL': value '2' doesn't match value '0' in ColorConversion.obj
CameraManager.obj : error LNK2038: mismatch detected for 'RuntimeLibrary': value 'MDd_DynamicDebug' doesn't match value 'MD_DynamicRelease' in ColorConversion.obj
LightManager.obj : error LNK2038: mismatch detected for '_ITERATOR_DEBUG_LEVEL': value '2' doesn't match value '0' in ColorConversion.obj
LightManager.obj : error LNK2038: mismatch detected for 'RuntimeLibrary': value 'MDd_DynamicDebug' doesn't match value 'MD_DynamicRelease' in ColorConversion.obj
MeshManager.obj : error LNK2038: mismatch detected for '_ITERATOR_DEBUG_LEVEL': value '2' doesn't match value '0' in ColorConversion.obj
MeshManager.obj : error LNK2038: mismatch detected for 'RuntimeLibrary': value 'MDd_DynamicDebug' doesn't match value 'MD_DynamicRelease' in ColorConversion.obj
PSOManager.obj : error LNK2038: mismatch detected for '_ITERATOR_DEBUG_LEVEL': value '2' doesn't match value '0' in ColorConversion.obj
PSOManager.obj : error LNK2038: mismatch detected for 'RuntimeLibrary': value 'MDd_DynamicDebug' doesn't match value 'MD_DynamicRelease' in ColorConversion.obj
TextureManager.obj : error LNK2038: mismatch detected for '_ITERATOR_DEBUG_LEVEL': value '2' doesn't match value '0' in ColorConversion.obj
TextureManager.obj : error LNK2038: mismatch detected for 'RuntimeLibrary': value 'MDd_DynamicDebug' doesn't match value 'MD_DynamicRelease' in ColorConversion.obj
UserData.obj : error LNK2038: mismatch detected for '_ITERATOR_DEBUG_LEVEL': value '2' doesn't match value '0' in ColorConversion.obj
UserData.obj : error LNK2038: mismatch detected for 'RuntimeLibrary': value 'MDd_DynamicDebug' doesn't match value 'MD_DynamicRelease' in ColorConversion.obj
AOPass.obj : error LNK2038: mismatch detected for '_ITERATOR_DEBUG_LEVEL': value '2' doesn't match value '0' in ColorConversion.obj
AOPass.obj : error LNK2038: mismatch detected for 'RuntimeLibrary': value 'MDd_DynamicDebug' doesn't match value 'MD_DynamicRelease' in ColorConversion.obj
BasePass.obj : error LNK2038: mismatch detected for '_ITERATOR_DEBUG_LEVEL': value '2' doesn't match value '0' in ColorConversion.obj
BasePass.obj : error LNK2038: mismatch detected for 'RuntimeLibrary': value 'MDd_DynamicDebug' doesn't match value 'MD_DynamicRelease' in ColorConversion.obj
BloomPass.obj : error LNK2038: mismatch detected for '_ITERATOR_DEBUG_LEVEL': value '2' doesn't match value '0' in ColorConversion.obj
BloomPass.obj : error LNK2038: mismatch detected for 'RuntimeLibrary': value 'MDd_DynamicDebug' doesn't match value 'MD_DynamicRelease' in ColorConversion.obj
FinalBlitPass.obj : error LNK2038: mismatch detected for '_ITERATOR_DEBUG_LEVEL': value '2' doesn't match value '0' in ColorConversion.obj
FinalBlitPass.obj : error LNK2038: mismatch detected for 'RuntimeLibrary': value 'MDd_DynamicDebug' doesn't match value 'MD_DynamicRelease' in ColorConversion.obj
GBufferPass.obj : error LNK2038: mismatch detected for '_ITERATOR_DEBUG_LEVEL': value '2' doesn't match value '0' in ColorConversion.obj
GBufferPass.obj : error LNK2038: mismatch detected for 'RuntimeLibrary': value 'MDd_DynamicDebug' doesn't match value 'MD_DynamicRelease' in ColorConversion.obj
OpaquePass.obj : error LNK2038: mismatch detected for '_ITERATOR_DEBUG_LEVEL': value '2' doesn't match value '0' in ColorConversion.obj
OpaquePass.obj : error LNK2038: mismatch detected for 'RuntimeLibrary': value 'MDd_DynamicDebug' doesn't match value 'MD_DynamicRelease' in ColorConversion.obj
ShadowPass.obj : error LNK2038: mismatch detected for '_ITERATOR_DEBUG_LEVEL': value '2' doesn't match value '0' in ColorConversion.obj
ShadowPass.obj : error LNK2038: mismatch detected for 'RuntimeLibrary': value 'MDd_DynamicDebug' doesn't match value 'MD_DynamicRelease' in ColorConversion.obj
SkyboxPass.obj : error LNK2038: mismatch detected for '_ITERATOR_DEBUG_LEVEL': value '2' doesn't match value '0' in ColorConversion.obj
SkyboxPass.obj : error LNK2038: mismatch detected for 'RuntimeLibrary': value 'MDd_DynamicDebug' doesn't match value 'MD_DynamicRelease' in ColorConversion.obj
TonemapPass.obj : error LNK2038: mismatch detected for '_ITERATOR_DEBUG_LEVEL': value '2' doesn't match value '0' in ColorConversion.obj
TonemapPass.obj : error LNK2038: mismatch detected for 'RuntimeLibrary': value 'MDd_DynamicDebug' doesn't match value 'MD_DynamicRelease' in ColorConversion.obj
UIPass.obj : error LNK2038: mismatch detected for '_ITERATOR_DEBUG_LEVEL': value '2' doesn't match value '0' in ColorConversion.obj
UIPass.obj : error LNK2038: mismatch detected for 'RuntimeLibrary': value 'MDd_DynamicDebug' doesn't match value 'MD_DynamicRelease' in ColorConversion.obj
Material.obj : error LNK2038: mismatch detected for '_ITERATOR_DEBUG_LEVEL': value '2' doesn't match value '0' in ColorConversion.obj
Material.obj : error LNK2038: mismatch detected for 'RuntimeLibrary': value 'MDd_DynamicDebug' doesn't match value 'MD_DynamicRelease' in ColorConversion.obj
RenderResource.obj : error LNK2038: mismatch detected for '_ITERATOR_DEBUG_LEVEL': value '2' doesn't match value '0' in ColorConversion.obj
RenderResource.obj : error LNK2038: mismatch detected for 'RuntimeLibrary': value 'MDd_DynamicDebug' doesn't match value 'MD_DynamicRelease' in ColorConversion.obj
RendererSystem.obj : error LNK2038: mismatch detected for '_ITERATOR_DEBUG_LEVEL': value '2' doesn't match value '0' in ColorConversion.obj
RendererSystem.obj : error LNK2038: mismatch detected for 'RuntimeLibrary': value 'MDd_DynamicDebug' doesn't match value 'MD_DynamicRelease' in ColorConversion.obj
Transform.obj : error LNK2038: mismatch detected for '_ITERATOR_DEBUG_LEVEL': value '2' doesn't match value '0' in ColorConversion.obj
Transform.obj : error LNK2038: mismatch detected for 'RuntimeLibrary': value 'MDd_DynamicDebug' doesn't match value 'MD_DynamicRelease' in ColorConversion.obj
     Creating library C:\Work\ElysiaRenderer\x64\Release\ElysiaRenderer.lib and object C:\Work\ElysiaRenderer\x64\Release\ElysiaRenderer.exp
LINK : warning LNK4098: defaultlib 'MSVCRTD' conflicts with use of other libs; use /NODEFAULTLIB:library
Material.obj : error LNK2001: unresolved external symbol __imp__invalid_parameter
RenderResource.obj : error LNK2001: unresolved external symbol __imp__invalid_parameter
RendererSystem.obj : error LNK2001: unresolved external symbol __imp__invalid_parameter
BasePass.obj : error LNK2001: unresolved external symbol __imp__invalid_parameter
ShadowPass.obj : error LNK2001: unresolved external symbol __imp__invalid_parameter
SkyboxPass.obj : error LNK2001: unresolved external symbol __imp__invalid_parameter
UIPass.obj : error LNK2001: unresolved external symbol __imp__invalid_parameter
MeshManager.obj : error LNK2001: unresolved external symbol __imp__invalid_parameter
PSOManager.obj : error LNK2001: unresolved external symbol __imp__invalid_parameter
TextureManager.obj : error LNK2001: unresolved external symbol __imp__invalid_parameter
UserData.obj : error LNK2001: unresolved external symbol __imp__invalid_parameter
SobolSequenceGenerator.obj : error LNK2001: unresolved external symbol __imp__invalid_parameter
xxhash.obj : error LNK2001: unresolved external symbol __imp__invalid_parameter
BufferManager.obj : error LNK2001: unresolved external symbol __imp__invalid_parameter
LightManager.obj : error LNK2001: unresolved external symbol __imp__invalid_parameter
PIXHelper.obj : error LNK2001: unresolved external symbol __imp__invalid_parameter
PSOHelper.obj : error LNK2001: unresolved external symbol __imp__invalid_parameter
RenderTexture.obj : error LNK2001: unresolved external symbol __imp__invalid_parameter
ShaderUtility.obj : error LNK2001: unresolved external symbol __imp__invalid_parameter
File.obj : error LNK2001: unresolved external symbol __imp__invalid_parameter
ModelImporter.obj : error LNK2001: unresolved external symbol __imp__invalid_parameter
PipelineResourceSpace.obj : error LNK2001: unresolved external symbol __imp__invalid_parameter
PipelineStateUtility.obj : error LNK2001: unresolved external symbol __imp__invalid_parameter
DX12StagingDescriptorHeap.obj : error LNK2001: unresolved external symbol __imp__invalid_parameter
DX12TextureBuffer.obj : error LNK2001: unresolved external symbol __imp__invalid_parameter
DX12UI.obj : error LNK2001: unresolved external symbol __imp__invalid_parameter
DX12UploadContext.obj : error LNK2001: unresolved external symbol __imp__invalid_parameter
DX12RenderPassDescriptorHeap.obj : error LNK2001: unresolved external symbol __imp__invalid_parameter
DX12RootSignature.obj : error LNK2001: unresolved external symbol __imp__invalid_parameter
DX12Shader.obj : error LNK2001: unresolved external symbol __imp__invalid_parameter
DX12Shadow.obj : error LNK2001: unresolved external symbol __imp__invalid_parameter
DX12Material.obj : error LNK2001: unresolved external symbol __imp__invalid_parameter
DX12PipelineState.obj : error LNK2001: unresolved external symbol __imp__invalid_parameter
DX12Queue.obj : error LNK2001: unresolved external symbol __imp__invalid_parameter
DX12QueueManager.obj : error LNK2001: unresolved external symbol __imp__invalid_parameter
DX12Device.obj : error LNK2001: unresolved external symbol __imp__invalid_parameter
DX12GPUResource.obj : error LNK2001: unresolved external symbol __imp__invalid_parameter
DX12GraphicsContext.obj : error LNK2001: unresolved external symbol __imp__invalid_parameter
DX12Light.obj : error LNK2001: unresolved external symbol __imp__invalid_parameter
DX12BufferResource.obj : error LNK2001: unresolved external symbol __imp__invalid_parameter
DX12ComputeContext.obj : error LNK2001: unresolved external symbol __imp__invalid_parameter
DX12Context.obj : error LNK2001: unresolved external symbol __imp__invalid_parameter
DX12DescriptorHeap.obj : error LNK2001: unresolved external symbol __imp__invalid_parameter
Material.obj : error LNK2001: unresolved external symbol __imp__CrtDbgReport
RenderResource.obj : error LNK2001: unresolved external symbol __imp__CrtDbgReport
RendererSystem.obj : error LNK2001: unresolved external symbol __imp__CrtDbgReport
BasePass.obj : error LNK2001: unresolved external symbol __imp__CrtDbgReport
ShadowPass.obj : error LNK2001: unresolved external symbol __imp__CrtDbgReport
SkyboxPass.obj : error LNK2001: unresolved external symbol __imp__CrtDbgReport
UIPass.obj : error LNK2001: unresolved external symbol __imp__CrtDbgReport
MeshManager.obj : error LNK2001: unresolved external symbol __imp__CrtDbgReport
PSOManager.obj : error LNK2001: unresolved external symbol __imp__CrtDbgReport
TextureManager.obj : error LNK2001: unresolved external symbol __imp__CrtDbgReport
UserData.obj : error LNK2001: unresolved external symbol __imp__CrtDbgReport
SobolSequenceGenerator.obj : error LNK2001: unresolved external symbol __imp__CrtDbgReport
xxhash.obj : error LNK2001: unresolved external symbol __imp__CrtDbgReport
BufferManager.obj : error LNK2001: unresolved external symbol __imp__CrtDbgReport
LightManager.obj : error LNK2001: unresolved external symbol __imp__CrtDbgReport
PIXHelper.obj : error LNK2001: unresolved external symbol __imp__CrtDbgReport
PSOHelper.obj : error LNK2001: unresolved external symbol __imp__CrtDbgReport
RenderTexture.obj : error LNK2001: unresolved external symbol __imp__CrtDbgReport
ShaderUtility.obj : error LNK2001: unresolved external symbol __imp__CrtDbgReport
File.obj : error LNK2001: unresolved external symbol __imp__CrtDbgReport
ModelImporter.obj : error LNK2001: unresolved external symbol __imp__CrtDbgReport
PipelineResourceSpace.obj : error LNK2001: unresolved external symbol __imp__CrtDbgReport
PipelineStateUtility.obj : error LNK2001: unresolved external symbol __imp__CrtDbgReport
DX12StagingDescriptorHeap.obj : error LNK2001: unresolved external symbol __imp__CrtDbgReport
DX12TextureBuffer.obj : error LNK2001: unresolved external symbol __imp__CrtDbgReport
DX12UI.obj : error LNK2001: unresolved external symbol __imp__CrtDbgReport
DX12UploadContext.obj : error LNK2001: unresolved external symbol __imp__CrtDbgReport
DX12RenderPassDescriptorHeap.obj : error LNK2001: unresolved external symbol __imp__CrtDbgReport
DX12RootSignature.obj : error LNK2001: unresolved external symbol __imp__CrtDbgReport
DX12Shader.obj : error LNK2001: unresolved external symbol __imp__CrtDbgReport
DX12Shadow.obj : error LNK2001: unresolved external symbol __imp__CrtDbgReport
DX12Material.obj : error LNK2001: unresolved external symbol __imp__CrtDbgReport
DX12PipelineState.obj : error LNK2001: unresolved external symbol __imp__CrtDbgReport
DX12Queue.obj : error LNK2001: unresolved external symbol __imp__CrtDbgReport
DX12QueueManager.obj : error LNK2001: unresolved external symbol __imp__CrtDbgReport
DX12Device.obj : error LNK2001: unresolved external symbol __imp__CrtDbgReport
DX12GPUResource.obj : error LNK2001: unresolved external symbol __imp__CrtDbgReport
DX12GraphicsContext.obj : error LNK2001: unresolved external symbol __imp__CrtDbgReport
DX12Light.obj : error LNK2001: unresolved external symbol __imp__CrtDbgReport
DX12BufferResource.obj : error LNK2001: unresolved external symbol __imp__CrtDbgReport
DX12ComputeContext.obj : error LNK2001: unresolved external symbol __imp__CrtDbgReport
DX12Context.obj : error LNK2001: unresolved external symbol __imp__CrtDbgReport
DX12DescriptorHeap.obj : error LNK2001: unresolved external symbol __imp__CrtDbgReport
DX12TextureBuffer.obj : error LNK2001: unresolved external symbol __imp__CrtDbgReportW
PSOManager.obj : error LNK2001: unresolved external symbol __imp__CrtDbgReportW
DX12BufferResource.obj : error LNK2001: unresolved external symbol __imp__CrtDbgReportW
DX12Device.obj : error LNK2001: unresolved external symbol __imp__CrtDbgReportW
DX12GPUResource.obj : error LNK2001: unresolved external symbol __imp__CrtDbgReportW
DX12RootSignature.obj : error LNK2001: unresolved external symbol __imp__CrtDbgReportW
Material.obj : error LNK2011: precompiled object not linked in; image may not run
    Hint on symbols that are defined and could potentially match:
      __@@_PchSym_@00@UPPdUBUhUyrmUwvhpglkPCACCPdrmBAUcGEUivovzhvUkxsOlyq@4B2008FD98C1DD4
      __@@_PchSym_@00@UztvmgUPdlipUEUhUrmgvinvwrzgvUexgllohUzgohOmzgrevkilqPBACIAJCBDBUlyqiPhkvxgivUznwGEUhgwzucOlyq@4B2008FD98C1DD4
DX12Device.obj : error LNK2001: unresolved external symbol DXGI_DEBUG_ALL
C:\Work\ElysiaRenderer\x64\Release\ElysiaRenderer.exe : fatal error LNK1120: 5 unresolved externals
