  DX12Device.cpp
D:\DX12\ElysiaRenderer\ElysiaRenderer\DX12DescriptorHeapHandle.h(54,20): warning C4552: '!=': result of expression not used
  (compiling source file 'DX12Device.cpp')
  
D:\DX12\ElysiaRenderer\ElysiaRenderer\DX12PipelineState.h(8,32): warning C4091: 'extern ': ignored on left of 'ElysiaRenderer::DX12RootSignature' when no variable is declared
  (compiling source file 'DX12Device.cpp')
  
D:\DX12\ElysiaRenderer\ElysiaRenderer\DX12PipelineState.h(9,25): warning C4091: 'extern ': ignored on left of 'ElysiaRenderer::DX12Shader' when no variable is declared
  (compiling source file 'DX12Device.cpp')
  
D:\DX12\ElysiaRenderer\ElysiaRenderer\DX12GraphicsContext.h(9,25): warning C4091: 'extern ': ignored on left of 'ElysiaRenderer::DX12Device' when no variable is declared
  (compiling source file 'DX12Device.cpp')
  
D:\DX12\ElysiaRenderer\ElysiaRenderer\DX12Device.cpp(279,31): warning C4267: '=': conversion from 'size_t' to 'UINT', possible loss of data
D:\DX12\ElysiaRenderer\ElysiaRenderer\DX12Device.cpp(284,30): warning C4267: '=': conversion from 'size_t' to 'UINT16', possible loss of data
D:\DX12\ElysiaRenderer\ElysiaRenderer\DX12Device.cpp(449,24): warning C4267: 'initializing': conversion from 'size_t' to 'UINT', possible loss of data
  main.cpp
D:\DX12\ElysiaRenderer\ElysiaRenderer\DX12DescriptorHeapHandle.h(54,20): warning C4552: '!=': result of expression not used
  (compiling source file 'main.cpp')
  
D:\DX12\ElysiaRenderer\ElysiaRenderer\DX12PipelineState.h(8,32): warning C4091: 'extern ': ignored on left of 'ElysiaRenderer::DX12RootSignature' when no variable is declared
  (compiling source file 'main.cpp')
  
D:\DX12\ElysiaRenderer\ElysiaRenderer\DX12PipelineState.h(9,25): warning C4091: 'extern ': ignored on left of 'ElysiaRenderer::DX12Shader' when no variable is declared
  (compiling source file 'main.cpp')
  
D:\DX12\ElysiaRenderer\ElysiaRenderer\DX12GraphicsContext.h(9,25): warning C4091: 'extern ': ignored on left of 'ElysiaRenderer::DX12Device' when no variable is declared
  (compiling source file 'main.cpp')
  
D:\DX12\ElysiaRenderer\ElysiaRenderer\Renderer.h(256,72): warning C4305: 'argument': truncation from 'double' to 'float'
  (compiling source file 'main.cpp')
  
D:\DX12\ElysiaRenderer\ElysiaRenderer\Renderer.h(256,67): warning C4305: 'argument': truncation from 'double' to 'float'
  (compiling source file 'main.cpp')
  
D:\DX12\ElysiaRenderer\ElysiaRenderer\Renderer.h(256,62): warning C4305: 'argument': truncation from 'double' to 'float'
  (compiling source file 'main.cpp')
  
C:\Program Files\Microsoft Visual Studio\2022\Community\VC\Tools\MSVC\14.38.33130\include\xmemory(723,82): error C2280: 'ElysiaRenderer::DX12RootSignature::DX12RootSignature(const ElysiaRenderer::DX12RootSignature &)': attempting to reference a deleted function
  (compiling source file 'main.cpp')
      D:\DX12\ElysiaRenderer\ElysiaRenderer\DX12RootSignature.h(62,2):
      compiler has generated 'ElysiaRenderer::DX12RootSignature::DX12RootSignature' here
      D:\DX12\ElysiaRenderer\ElysiaRenderer\DX12RootSignature.h(62,2):
      'ElysiaRenderer::DX12RootSignature::DX12RootSignature(const ElysiaRenderer::DX12RootSignature &)': function was implicitly deleted because a data member invokes a deleted or inaccessible function 'std::unique_ptr<ElysiaRenderer::DX12RootParameter [],std::default_delete<ElysiaRenderer::DX12RootParameter []>>::unique_ptr(const std::unique_ptr<ElysiaRenderer::DX12RootParameter [],std::default_delete<ElysiaRenderer::DX12RootParameter []>> &)'
      C:\Program Files\Microsoft Visual Studio\2022\Community\VC\Tools\MSVC\14.38.33130\include\memory(3453,5):
      'std::unique_ptr<ElysiaRenderer::DX12RootParameter [],std::default_delete<ElysiaRenderer::DX12RootParameter []>>::unique_ptr(const std::unique_ptr<ElysiaRenderer::DX12RootParameter [],std::default_delete<ElysiaRenderer::DX12RootParameter []>> &)': function was explicitly deleted
      C:\Program Files\Microsoft Visual Studio\2022\Community\VC\Tools\MSVC\14.38.33130\include\xmemory(723,82):
      the template instantiation context (the oldest one first) is
          D:\DX12\ElysiaRenderer\ElysiaRenderer\Renderer.h(160,46):
          see reference to class template instantiation 'std::vector<ElysiaRenderer::DX12RootSignature,std::allocator<ElysiaRenderer::DX12RootSignature>>' being compiled
          C:\Program Files\Microsoft Visual Studio\2022\Community\VC\Tools\MSVC\14.38.33130\include\vector(874,23):
          while compiling class template member function 'void std::vector<ElysiaRenderer::DX12RootSignature,std::allocator<ElysiaRenderer::DX12RootSignature>>::push_back(_Ty &&)'
          with
          [
              _Ty=ElysiaRenderer::DX12RootSignature
          ]
              D:\DX12\ElysiaRenderer\ElysiaRenderer\Renderer.h(214,31):
              see the first reference to 'std::vector<ElysiaRenderer::DX12RootSignature,std::allocator<ElysiaRenderer::DX12RootSignature>>::push_back' in 'ElysiaRenderer::Renderer::InitTexTriangle'
          C:\Program Files\Microsoft Visual Studio\2022\Community\VC\Tools\MSVC\14.38.33130\include\vector(876,9):
          see reference to function template instantiation '_Ty &std::vector<_Ty,std::allocator<_Ty>>::_Emplace_one_at_back<ElysiaRenderer::DX12RootSignature>(ElysiaRenderer::DX12RootSignature &&)' being compiled
          with
          [
              _Ty=ElysiaRenderer::DX12RootSignature
          ]
          C:\Program Files\Microsoft Visual Studio\2022\Community\VC\Tools\MSVC\14.38.33130\include\vector(780,20):
          see reference to function template instantiation '_Ty &std::vector<_Ty,std::allocator<_Ty>>::_Emplace_back_with_unused_capacity<_Ty>(_Ty &&)' being compiled
          with
          [
              _Ty=ElysiaRenderer::DX12RootSignature
          ]
          C:\Program Files\Microsoft Visual Studio\2022\Community\VC\Tools\MSVC\14.38.33130\include\vector(798,27):
          see reference to function template instantiation 'void std::_Default_allocator_traits<_Alloc>::construct<_Ty,_Ty>(_Alloc &,_Objty *const ,_Ty &&)' being compiled
          with
          [
              _Alloc=std::allocator<ElysiaRenderer::DX12RootSignature>,
              _Ty=ElysiaRenderer::DX12RootSignature,
              _Objty=ElysiaRenderer::DX12RootSignature
          ]
  
  Generating Code...
D:\DX12\ElysiaRenderer\ElysiaRenderer\DX12Device.cpp(242): warning C4172: returning address of local variable or temporary: vertexBuffer
D:\DX12\ElysiaRenderer\ElysiaRenderer\DX12Device.cpp(332): error C4716: 'ElysiaRenderer::DX12Device::CreateTextureBuffer': must return a value
D:\DX12\ElysiaRenderer\ElysiaRenderer\DX12Device.cpp(459): warning C4172: returning address of local variable or temporary: rootSignature
D:\DX12\ElysiaRenderer\ElysiaRenderer\DX12Device.cpp(383): warning C4172: returning address of local variable or temporary: o
D:\DX12\ElysiaRenderer\ElysiaRenderer\DX12Device.cpp(497): warning C4172: returning address of local variable or temporary: graphicsPipeline
